// Vitest Snapshot v1, https://vitest.dev/guide/snapshot.html

exports[`coulis > should extract styles given object format 1`] = `
[
  {
    "attributes": {
      "data-coulis-cache": "c77e20e50,c8e4ce7ac",
      "data-coulis-scope": "global",
    },
    "content": "@keyframes c77e20e50{25%{transform:scale(1.25);}50%{transform:scale(1.5);}from{transform:scale(1);}to{transform:scale(1);}}*,*::before,*::after{box-sizing:inherit;}",
    "toString": [Function],
  },
  {
    "attributes": {
      "data-coulis-cache": "cde6daf3c,cd66da2a4,cdc6dac18,c36214926",
      "data-coulis-scope": "shorthand",
    },
    "content": ".cde6daf3c{padding:10px;}.cd66da2a4{padding:18px;}.cdc6dac18{padding:12px;}.c36214926{padding:6px;}",
    "toString": [Function],
  },
  {
    "attributes": {
      "data-coulis-cache": "c571db958,ce9403afc,cbb3db274,c3c5816c4,c5bb3b59a,cbe211eb4",
      "data-coulis-scope": "longhand",
    },
    "content": ".c571db958:hover{background-color:lightcyan;}.ce9403afc[alt]{background-color:lightgray;}.cbb3db274{background-color:lightcoral;}.c3c5816c4{color:lightblue;}.c5bb3b59a{background-color:lightseagreen;}.cbe211eb4{background-color:lightgrey;}",
    "toString": [Function],
  },
  {
    "attributes": {
      "data-coulis-cache": "c3123b398",
      "data-coulis-scope": "conditionalShorthand",
    },
    "content": "@media (min-width: 576px){.c3123b398{padding:24px;}}",
    "toString": [Function],
  },
  {
    "attributes": {
      "data-coulis-cache": "cf33f0fbe,cec510c6c,c3d523ba0,c721688f8",
      "data-coulis-scope": "conditionalLonghand",
    },
    "content": "@media (min-width: 576px){.cf33f0fbe:hover{background-color:lightcyan;}}@media (min-width: 576px){.cec510c6c[alt]{background-color:lightgray;}}@media (min-width: 576px){.c3d523ba0{background-color:lightcoral;}}@media (min-width: 576px){.c721688f8{color:lightblue;}}",
    "toString": [Function],
  },
]
`;

exports[`coulis > should extract styles given string format 1`] = `"<style data-coulis-cache="c77e20e50,c8e4ce7ac" data-coulis-scope="global">@keyframes c77e20e50{25%{transform:scale(1.25);}50%{transform:scale(1.5);}from{transform:scale(1);}to{transform:scale(1);}}*,*::before,*::after{box-sizing:inherit;}</style><style data-coulis-cache="" data-coulis-scope="shorthand"></style><style data-coulis-cache="" data-coulis-scope="longhand"></style><style data-coulis-cache="" data-coulis-scope="conditionalShorthand"></style><style data-coulis-cache="" data-coulis-scope="conditionalLonghand"></style>"`;
